#Task-8 
#1
>>> if>3
SyntaxError: invalid syntax
>>> 23/0
ZeroDivisionError: division by zero
>>> open("XYZ.text")
FileNotFoundError: [Errno 2] No such file or directory: 'XYZ.text'
>>> Error
NameError: name 'Error' is not defined
>>> L=[1,2,3]
>>> L[3]
IndexError: list index out of range
>>> import error
ModuleNotFoundError: No module named 'error'
>>> from math import cube
ImportError: cannot import name 'cube' from 'math' (unknown location)
>>> '2'+2
TypeError: can only concatenate str (not "int") to str
>>> int("Error")
ValueError: invalid literal for int() with base 10: 'Error'
>>> 
KeyboardInterrupt
>>> import math
>>> print(math.exp(1000))
OverflowError: math range error
>>> a=1
>>> b=2
>>> assert a==b
AssertionError

#2
print("Select an operation.")
print("+")
print("-")
print("*")
print("/")
def add(a, b):
   return a + b
def subtract(a, b):
   return a - b
def multiply(a, b):
   return a * b
def divide(a, b):
   return a / b
choice = input("Enter operator to use:")
A = int(input("Enter first number: "))
B = int(input("Enter second number: "))
try:
    if choice == '+':
       print(A,"+",B,"=", add(A,B))
    elif choice == '-':
       print(A,"-",B,"=", subtract(A,B))
    elif choice == '*':
       print(A,"*",B,"=", multiply(A,B))
    elif choice == '/':
       print(A,"/",B,"=", divide(A,B))
    else:
       print("Invalid input")
except Exception:
            print("Error")
            
#3
try:  
    raise NameError("Hello")   
except NameError: 
    print( "An exception")
    raise
 
#4
Try except scenarios are not required if there are no run-tme errors

#5
n = int(input("Please enter a number: "))
while True:
    try:
        n = int(n)
        break
    except ValueError:
        print("No valid integer! Please try again ...")
print("Great, you successfully entered an integer!")
